customer:
  - name: "joao"
    document: "12303364191"
    email: "joaomeireles47@gmail.com"
    born_date: '2000-01-28'

account:
  - account_type: "PAYMENT"
    balance: 0
    number: "2222"
    digit: "1"

  - account_type: "CURRENT"
    balance: 0
    number: "2222"
    digit: "1"

address:
  - customer_id: 1
    zip_code: "72445030"
    street: "Quadra 3"
    neighborhood: "Setor Industrial (Gama)"
    city: "Bras√≠lia"
    state: "DF"



